// Jest Snapshot v1, https://goo.gl/fbAQLP

exports[`SecretsOps createSecret() 0: Create pem encoded secret: esv-frodo-test-secret4 - success 1`] = `
{
  "_id": "esv-frodo-test-secret4",
  "activeVersion": "1",
  "description": "Frodo Test PEM encoded Secret Four Description",
  "encoding": "pem",
  "lastChangeDate": "2024-07-05T15:27:05.56571647Z",
  "lastChangedBy": "Frodo-SA-1701393386423",
  "loaded": false,
  "loadedVersion": "",
  "useInPlaceholders": true,
}
`;

exports[`SecretsOps createSecret() 1: Create new version of pem encoded secret: esv-frodo-test-secret4 - success 1`] = `
{
  "createDate": "2024-07-05T15:27:06.623109Z",
  "loaded": false,
  "status": "ENABLED",
  "version": "2",
}
`;

exports[`SecretsOps createSecret() 2: Create base64hmac encoded secret: esv-frodo-test-secret-5 - success 1`] = `
{
  "_id": "esv-frodo-test-secret-5",
  "activeVersion": "1",
  "description": "description5",
  "encoding": "base64hmac",
  "lastChangeDate": "2024-07-05T15:27:07.424356345Z",
  "lastChangedBy": "Frodo-SA-1701393386423",
  "loaded": true,
  "loadedVersion": "1",
  "useInPlaceholders": false,
}
`;

exports[`SecretsOps exportSecret() 1: Export secret1 1`] = `
{
  "meta": Any<Object>,
  "secret": {
    "esv-frodo-test-secret-1": {
      "_id": "esv-frodo-test-secret-1",
      "activeVersion": "1",
      "description": "description1",
      "encoding": "generic",
      "lastChangeDate": "2024-07-05T15:26:51.654225Z",
      "lastChangedBy": "Frodo-SA-1701393386423",
      "loaded": false,
      "loadedVersion": "",
      "useInPlaceholders": true,
    },
  },
}
`;

exports[`SecretsOps exportSecret() 2: Export secret2 1`] = `
{
  "meta": Any<Object>,
  "secret": {
    "esv-frodo-test-secret-2": {
      "_id": "esv-frodo-test-secret-2",
      "activeVersion": "1",
      "description": "description2",
      "encoding": "generic",
      "lastChangeDate": "2024-07-05T15:26:54.859882Z",
      "lastChangedBy": "Frodo-SA-1701393386423",
      "loaded": true,
      "loadedVersion": "1",
      "useInPlaceholders": false,
    },
  },
}
`;

exports[`SecretsOps exportSecret() 3: Export secret3 (non-existent) 1`] = `
"Error exporting secret esv-frodo-test-secret-3
  Error reading secret esv-frodo-test-secret-3
  HTTP client error
    URL: https://openam-frodo-dev.forgeblocks.com/environment/secrets/esv-frodo-test-secret-3
    Status: 404
    Code: ERR_BAD_REQUEST
    Message: The secret does not exist or does not have a version"
`;

exports[`SecretsOps exportSecrets() 1: Export all secrets 1`] = `
{
  "meta": Any<Object>,
  "secret": {
    "esv-admin-token": {
      "_id": "esv-admin-token",
      "activeVersion": "1",
      "description": "Long-lived admin token",
      "encoding": "generic",
      "lastChangeDate": "2024-03-20T14:46:13.461793Z",
      "lastChangedBy": "ba58ff99-76d3-4c69-9c4a-7f150ac70e2c",
      "loaded": true,
      "loadedVersion": "1",
      "useInPlaceholders": true,
    },
    "esv-brando-pingone": {
      "_id": "esv-brando-pingone",
      "activeVersion": "4",
      "description": "This is to show the connection between PingOne and AIC. ",
      "encoding": "generic",
      "lastChangeDate": "2024-06-24T00:44:06.154598Z",
      "lastChangedBy": "Frodo-SA-1701393386423",
      "loaded": true,
      "loadedVersion": "4",
      "useInPlaceholders": true,
    },
    "esv-frodo-test-secret-1": {
      "_id": "esv-frodo-test-secret-1",
      "activeVersion": "1",
      "description": "description1",
      "encoding": "generic",
      "lastChangeDate": "2024-07-05T15:26:51.654225Z",
      "lastChangedBy": "Frodo-SA-1701393386423",
      "loaded": false,
      "loadedVersion": "",
      "useInPlaceholders": true,
    },
    "esv-frodo-test-secret-2": {
      "_id": "esv-frodo-test-secret-2",
      "activeVersion": "1",
      "description": "description2",
      "encoding": "generic",
      "lastChangeDate": "2024-07-05T15:26:54.859882Z",
      "lastChangedBy": "Frodo-SA-1701393386423",
      "loaded": true,
      "loadedVersion": "1",
      "useInPlaceholders": false,
    },
    "esv-secret-import-test1": {
      "_id": "esv-secret-import-test1",
      "activeVersion": "1",
      "description": "Secret Import Test 1",
      "encoding": "generic",
      "lastChangeDate": "2024-06-22T01:13:13.904591Z",
      "lastChangedBy": "volker.scheuber@forgerock.com",
      "loaded": true,
      "loadedVersion": "1",
      "useInPlaceholders": true,
    },
    "esv-secret-import-test2": {
      "_id": "esv-secret-import-test2",
      "activeVersion": "1",
      "description": "Secret Import Test 2",
      "encoding": "generic",
      "lastChangeDate": "2024-06-22T01:13:41.914076Z",
      "lastChangedBy": "volker.scheuber@forgerock.com",
      "loaded": true,
      "loadedVersion": "1",
      "useInPlaceholders": true,
    },
    "esv-test-secret-cert-pem": {
      "_id": "esv-test-secret-cert-pem",
      "activeVersion": "1",
      "description": "This is a test secret from a pem encoded cert file.",
      "encoding": "pem",
      "lastChangeDate": "2024-01-20T03:48:49.005574Z",
      "lastChangedBy": "6bac97fb-0665-4ba9-b66c-1cf70e074d72",
      "loaded": true,
      "loadedVersion": "1",
      "useInPlaceholders": true,
    },
    "esv-test-secret-cert-pem-raw": {
      "_id": "esv-test-secret-cert-pem-raw",
      "activeVersion": "1",
      "description": "This is a test secret from a pem encoded cert file (raw).",
      "encoding": "pem",
      "lastChangeDate": "2024-01-20T03:49:20.270526Z",
      "lastChangedBy": "6bac97fb-0665-4ba9-b66c-1cf70e074d72",
      "loaded": true,
      "loadedVersion": "1",
      "useInPlaceholders": true,
    },
    "esv-test-secret-euler": {
      "_id": "esv-test-secret-euler",
      "activeVersion": "1",
      "description": "A test secret containing the value of Euler's number",
      "encoding": "generic",
      "lastChangeDate": "2023-12-14T15:27:34.607038Z",
      "lastChangedBy": "phales@trivir.com",
      "loaded": true,
      "loadedVersion": "1",
      "useInPlaceholders": true,
    },
    "esv-test-secret-file-base64hmac": {
      "_id": "esv-test-secret-file-base64hmac",
      "activeVersion": "1",
      "description": "This is a test secret from base64 encoded hmac key file.",
      "encoding": "base64hmac",
      "lastChangeDate": "2024-01-20T03:46:37.42544Z",
      "lastChangedBy": "6bac97fb-0665-4ba9-b66c-1cf70e074d72",
      "loaded": true,
      "loadedVersion": "1",
      "useInPlaceholders": true,
    },
    "esv-test-secret-file-base64hmac-raw": {
      "_id": "esv-test-secret-file-base64hmac-raw",
      "activeVersion": "1",
      "description": "This is a test secret from base64 encoded hmac key file (raw).",
      "encoding": "base64hmac",
      "lastChangeDate": "2024-01-20T03:47:03.695151Z",
      "lastChangedBy": "6bac97fb-0665-4ba9-b66c-1cf70e074d72",
      "loaded": true,
      "loadedVersion": "1",
      "useInPlaceholders": true,
    },
    "esv-test-secret-pi": {
      "_id": "esv-test-secret-pi",
      "activeVersion": "1",
      "description": "Secret that contains the value of pi",
      "encoding": "generic",
      "lastChangeDate": "2023-12-14T15:22:28.519043Z",
      "lastChangedBy": "phales@trivir.com",
      "loaded": true,
      "loadedVersion": "1",
      "useInPlaceholders": true,
    },
    "esv-test-secret-pi-generic": {
      "_id": "esv-test-secret-pi-generic",
      "activeVersion": "2",
      "description": "",
      "encoding": "generic",
      "lastChangeDate": "2024-01-20T00:15:02.079462Z",
      "lastChangedBy": "6bac97fb-0665-4ba9-b66c-1cf70e074d72",
      "loaded": true,
      "loadedVersion": "2",
      "useInPlaceholders": true,
    },
    "esv-volkers-test-secret": {
      "_id": "esv-volkers-test-secret",
      "activeVersion": "10",
      "description": "Volker's test secret",
      "encoding": "generic",
      "lastChangeDate": "2024-06-26T01:37:06.116117Z",
      "lastChangedBy": "Frodo-SA-1701393386423",
      "loaded": true,
      "loadedVersion": "10",
      "useInPlaceholders": true,
    },
  },
}
`;

exports[`SecretsOps exportSecrets() 2: Export all secrets including active values 1`] = `
{
  "meta": Any<Object>,
  "secret": {
    "esv-admin-token": {
      "_id": "esv-admin-token",
      "activeValue": {
        "$crypto": {
          "type": "x-simple-encryption",
          "value": {
            "cipher": "AES/CBC/PKCS5Padding",
            "data": "o5ioK3wCZn6eHEGwjT5wWWBC19KWOX7dyRezmHKtcM67CBhmjnXDic77HgTXZ8djcNlV73MsPo964tNUogg4tbCupd1vr3xy5gvwew+I4Odl9UpiM7FxnncnotKGrBtn6+530blNLDVqNSVwigNFZAKpa8Xe7rYA5FBUvcvjItry7P/sc3Ps873v01kBbzsmR/eWul/EbS7q5tnQEc72+5Fn4CN1/fvqbp2hy3uPtWoQtvuHD16dXz6i8gKCBWwpxjTW5S6qANllCkUKElojaT58Bat1TBlRm+8GkVUjmeajMkC0TNW2P/49oHvaS+GHC2uJX7wgzX8MHP1k6nJKnmZGC1X7Lakdw13G2wCB/iqNcYT8XkvwqPs3Jni7kEy2oKpt2b88Ifui2Q7hX5RwAsTKMjkQycYaIyIjKGyVJ5hI+HjjGJSLBoTzOX0gJO+VSCS1OUVNtgc5sMPNQOuHpbAj/39WTHSiTgHpeax+rBhkLL4wXPmOZUPOuxdu6ZzrWoS7mDtQs8MWWRWJQElu7+4U/QDsAR1Joa0T8uDdV3mlLy8Fm3O00pjv64BVyk09GoYbwJqXAWg2ZDKLgJ9UHqSH+ZtvQua4DKHVFlBpv4wRZz/Bi0NnnDyi+JqAv7OFDO6GTdSymC+ySya7Y2Dwy/85Od/goa5ptCQVwvLOaFoFnzy78v+pL4JqnDBVLtPACn2CbS/rt42D7coZgeWG5hiWidMnLhyT14U2L/sJLGj65KpNz5cNv2278I52qj5KHJDaMj6utf/PHZHA/IegQG362G68048nI0/J6P1AhSPdR3MdCR5IckUh6WmWDc8GUMOcIUjXABsLYhWm9atQYkgsjefViqZu/vgGQx8t+qU6Izu6SnjNPDZRvhdc8pkaBWRuH+knOh30W84340y4F1sPITbag3GeJkxccAHSwbW5tIr6+pFtlPQecR1Zp0N2I3bOEF6JYemT9OIT1sLY33qoOeBSdKK6ue11RrwEn/d7WVdqMBpsGmS46756mkHwt6rZZ+qGrHMivMcaeBhIwZqAH/OPi0VU75M+bTSP+4n92tBh39m1AVebv60dmsmp9VsVlC4q7k68UMWbOf18fLnNdsP8M8qghw1423jGQmuXNnPIccfC7+xqs1Lju5mMo+jz0LJo8uPJxrhJ7AE+hg4W54zFe9eGpIbNMseRdZmtaTyJZIOsGjd/YkH5kfSA",
            "iv": "aLL5JacGv4VQm5zCfE3T9Q==",
            "keySize": 16,
            "mac": "kHRQpr1ynxXrm3AWyhSUug==",
            "purpose": "idm.password.encryption",
            "salt": "zfpjGzreuK7NC50y4hqw/w==",
            "stableId": "openidm-sym-default",
          },
        },
      },
      "activeVersion": "1",
      "description": "Long-lived admin token",
      "encoding": "generic",
      "lastChangeDate": "2024-03-20T14:46:13.461793Z",
      "lastChangedBy": "ba58ff99-76d3-4c69-9c4a-7f150ac70e2c",
      "loaded": true,
      "loadedVersion": "1",
      "useInPlaceholders": true,
    },
    "esv-brando-pingone": {
      "_id": "esv-brando-pingone",
      "activeValue": {
        "$crypto": {
          "type": "x-simple-encryption",
          "value": {
            "cipher": "AES/CBC/PKCS5Padding",
            "data": "ufINcGfM7bkmnKQzkXmVs5aCKd4jzsvodstPyl1T4+Xyar9/ZTrrUTz4SklvDroNIUnZRYoyj72/trx7PLO9Pspo1S+aIyBkim9VUSVg79k=",
            "iv": "nFPxfC5OGu5jT5CPZbB/dQ==",
            "keySize": 16,
            "mac": "uLNgGIMNI4Moh2itamMFog==",
            "purpose": "idm.password.encryption",
            "salt": "KupKa+FF5c80iAfytF8xzw==",
            "stableId": "openidm-sym-default",
          },
        },
      },
      "activeVersion": "4",
      "description": "This is to show the connection between PingOne and AIC. ",
      "encoding": "generic",
      "lastChangeDate": "2024-06-24T00:44:06.154598Z",
      "lastChangedBy": "Frodo-SA-1701393386423",
      "loaded": true,
      "loadedVersion": "4",
      "useInPlaceholders": true,
    },
    "esv-frodo-test-secret-1": {
      "_id": "esv-frodo-test-secret-1",
      "activeValue": {
        "$crypto": {
          "type": "x-simple-encryption",
          "value": {
            "cipher": "AES/CBC/PKCS5Padding",
            "data": "x91vrlfX1zS+QLJbUXnnOA==",
            "iv": "vjYjkkFJWLQzrP+6JVmkRw==",
            "keySize": 16,
            "mac": "BSeSuEKEKhK2jzlU9VvHJQ==",
            "purpose": "idm.password.encryption",
            "salt": "V4UZoq4th6nZAaCC6YzIbA==",
            "stableId": "openidm-sym-default",
          },
        },
      },
      "activeVersion": "1",
      "description": "description1",
      "encoding": "generic",
      "lastChangeDate": "2024-07-05T15:26:51.654225Z",
      "lastChangedBy": "Frodo-SA-1701393386423",
      "loaded": false,
      "loadedVersion": "",
      "useInPlaceholders": true,
    },
    "esv-frodo-test-secret-2": {
      "_id": "esv-frodo-test-secret-2",
      "activeValue": undefined,
      "activeVersion": "1",
      "description": "description2",
      "encoding": "generic",
      "lastChangeDate": "2024-07-05T15:26:54.859882Z",
      "lastChangedBy": "Frodo-SA-1701393386423",
      "loaded": true,
      "loadedVersion": "1",
      "useInPlaceholders": false,
    },
    "esv-secret-import-test1": {
      "_id": "esv-secret-import-test1",
      "activeValue": {
        "$crypto": {
          "type": "x-simple-encryption",
          "value": {
            "cipher": "AES/CBC/PKCS5Padding",
            "data": "sisFqCaXkap0bub6PMiqMA==",
            "iv": "TVOUYZUd2yl8liZSxVf+mg==",
            "keySize": 16,
            "mac": "Xl56+bYsTXxUUefZwVU+ig==",
            "purpose": "idm.password.encryption",
            "salt": "5ZKTeg+Nnx8bz9kIBjUGog==",
            "stableId": "openidm-sym-default",
          },
        },
      },
      "activeVersion": "1",
      "description": "Secret Import Test 1",
      "encoding": "generic",
      "lastChangeDate": "2024-06-22T01:13:13.904591Z",
      "lastChangedBy": "volker.scheuber@forgerock.com",
      "loaded": true,
      "loadedVersion": "1",
      "useInPlaceholders": true,
    },
    "esv-secret-import-test2": {
      "_id": "esv-secret-import-test2",
      "activeValue": {
        "$crypto": {
          "type": "x-simple-encryption",
          "value": {
            "cipher": "AES/CBC/PKCS5Padding",
            "data": "2YotQACwmrwjqnRiQuZm8g==",
            "iv": "9lIpcRvqh2XifBwGvgJSPQ==",
            "keySize": 16,
            "mac": "gN9NE16lWCLrZr2TlDEnEg==",
            "purpose": "idm.password.encryption",
            "salt": "8j8vqHnRejKbxRPNSDfQtA==",
            "stableId": "openidm-sym-default",
          },
        },
      },
      "activeVersion": "1",
      "description": "Secret Import Test 2",
      "encoding": "generic",
      "lastChangeDate": "2024-06-22T01:13:41.914076Z",
      "lastChangedBy": "volker.scheuber@forgerock.com",
      "loaded": true,
      "loadedVersion": "1",
      "useInPlaceholders": true,
    },
    "esv-test-secret-cert-pem": {
      "_id": "esv-test-secret-cert-pem",
      "activeValue": {
        "$crypto": {
          "type": "x-simple-encryption",
          "value": {
            "cipher": "AES/CBC/PKCS5Padding",
            "data": "GMWa0LOM5l4VLV00Lz8ZVZxpsETFbErGNEWUUQ8M38ayZz0CMk3CnegOsEvxFrIKVrg4daYsZ/erSl97/OGcG8PJqYt2fHb20hFr9/1V5or0NdZ7Jx6NqILoILM5LOrClGSv0fB14HsHS2ZLk2ill0Tf/03GbsrBoNfsUQzQzGBW1oKt2drmhVCYEmFFJQx2owEy6kzUHN4MQP8LBqRqwTNZJHlUT8YdfAkigIeXHEscVxZkf/h4HB/YP9hrZJzIKea0lvqrKJftGfkOaDaxbMlcIN7ptxrjvmXufvkH3iIG+rhyqSwV2Cbgd3GqWulCK9H3lNbFQ+1qoSUihb/yrUkYLiKnRvAJcrx/LnnM4yt0Zdxb3zrHeQqXaHZ4Tog97nRrNYNvyOorgF+Nq+B/1SDZhXW4fuhPD59QlzLngcTYRl3n1clMFFImSYEevHlvfK2FZoSEADYWlkkkIZd+ZCg4wsk6BTNFF6Me7tu6hs7WjeROK5T7XsYaBHmoVbbzPClBbTsctoxyz38MY5KNB937KquwS6f+y6HK/gksZfDtTRnldYeg4V9a4PyPrbjcPNgCirXZMi7pM5sCVn3T8BFv6zY48SNGs2E0WioWwxCsGck9ZMYbymG4VhPgazWOOtEMZy6HHGOZ0NTfx4MXuxu4u4W95rLb0j2g71j1x3N2myLERTig0i6DeICUHTu+SWVkB97CG8OwOcErHXvkJioKuM59Eu3RrJPZOnyIKtx40v/D5zhVfgeXe4FJJC7eRQbA/Bw3hO6wGcJG++7GT9XfrfXL/DrxcqdMe0n7Npfigi6of0JdsIWggiFqm0qjKYkJu5EJp8pZIVbUdLcxwFfecPQ/n4JzS9Sp2334yNNkYWwxumz0Sa8cxElcywItgep+Rt3l0Ggcd0wRaAEInQ8PkZWA5tPcaCxODJ3PReDgMGsBfEjxQiHE7TbOMtPtBm6yuCwh+ZYhVQCsdQBFyir6qu7oYFzSGnNTv3SwIwxa6cBHOSQDRO+oNfPluq1ygzTBoEX0+j7BlV3fdvtiSzNs4dHGEa8MzGF97i2IoOSgZPmUnZdVy+OrELYshdSr+06u+o7491uCPW/dZcOTMUtv8swFzHuvON0ZeDt34IcBTOlvsAA3kFFg9jPJPkpA9FVkdkuREDMuefzpTklLR28fVhl5pJytnlvXcLlJoDTll83A3ixaDZm2t2C2KceJi4SlV/y6TPSawEYaBYjaECD88iX7eu8QKJ0kLkMaUuMbb7nTFScG8kg0/lumyQQJ0XVwOLOCSPXzYMdGKHX4H/I+GuqS02FY39yWKRKfzUjuYlEKFO8VTnb9Ivzr+yZIZJQSfuItzl5lyClpr8uZgvlp67Js4RWxapuEc4CT6Q0npAeIr06fehciZL8jiR8wayiRwg3g7Y/FH2buWHYCYmOB0+s5ufcmwmcQFPZUHyr3MOWfGQr3GWj3ILEbMd7mJcASw2lIbXf+IynwUhIpLWY3/mmaK2d+Z8+eR/rbDvsE+YEFbuUGyMX6dGlGOOz1SIBIu87UomUYdIy5QqthHDpOQuYwNQOy2iDs40V/XsNCnosVZtBmt/RxVIgAA0qGji60Ve52KWoqJDTcDbnsy83g4lU+QN/mqg/tMAlykYQLmqlp8prF9Mibqsi1rnM/h5NNH55NWgujsIeMDfvFi/VLzWT3cMp/AZmx07ql6rsAHscWMsAFBRPrTpj/Msz7rgW/LOBJNbw2m+NjrsperdmABG4mG3yzuW32lzi0fkEteDlTgefP2pgN4q1z84QzHqIlwQkQ3/vITbzM3RqS5i8jVp6BiI5Bc3bhx+uqKRWIOH/nBbE+pcWwiBUzZ6VUZMVb/aIqsGD/aKEa0mnXi1HUvZf1+a77riI6K2O+OvBdLW8sCfB/05FZkF9OeasgzcajwiRtnVJpJcEmVLOCx559YhaUc5hli/H0pdwSggehft8o3tRARG4SkH+phgu6WSKZjCh//iJuax1ii7mmJ+xYiOdR4iwTTSHXPk8Vlo77/vva6Wv7cBHDKVltESytdz7aTe5EVhCP0KRtvkItRtyMeSlOYBiLbDGQBJlls7vpwtHTKuinlqVaIZ47vMifcU+kwZ/5+XL71tBzXQoHcu6q9dG8LHa5fSfLEGCCJeOMbBptx7Tfqt1JX5Ok85P+ihLyzL796JjSCUlsGUeEd0xUln/8g3ZqEtrODuoba/H5wLSzuUhASJ2Ru2nKpu8pOQ4SY4sZqctR1rJkI/MOIVt1uOXfYeIQ5Z4icSSuKXMoTTSbdys66kTPA/X79s/RTHdKvqiI9HZcliydtQ7Aensqh6eYdKptD1R074KU2+KmEDcEVUTtGrUHwW7cdMK7HI8Xlx5GEVOo6YN21dI7bibd+jsMHK1ZxP8bJIbiFjt/Fr8hJ4Z9jHMXi6FpICKW2djreuXl2I+qIQ5wb3WKHOqLOhqeML2AKAZ9fyKs9jL7sh5LDjq7Q2BND47WCbzFnF7Vj7dfe3+TBAngJ00w82x0nTcCcYmlsn2X1AG6hW3oGtBBpds577eBVHDUL7mcybnMCl56bB0mqs+udGblOGXOAbe2LkXoAhZOCpBc60q9J2PEQVwUFZSl0zODBEiRNO09jCUZyb4yQZE0u2n2Zg7wCh3CxSrTwXV59CePaGK4cFNj4fy4cOionWyatWElhItH5r6tyl5lzKzTlgvpbsgWJdwWkaweYzelbiRdWI/xL1Sjw8LSMZUXL9Lg5kyoTsybVVhkVpNwnGloVEL72kAK+09F458Y74odZf6CSJR6+z9/NNkLFeQ9FIMbKj8ui4mB7E6pzbM9m5TurtfrFuWdaP6H2f6hdwt1I5ul+ibzm5Fu5PB4+/qea64JVf8IQkj8dPPJUkI8TvjxOr+g9K64BMokjOSQsc0v2SnLdw83zrtu+lau3PQLPA5zfiTBG6d6ajhjmoiwGKpUZAEHnyH2vQEITxW0EP0Hkf3JS+HUxDzCPmz0fh5G/WEFoE/etqkB3Tb5gid7ndUvTN+30dmln0rRDjNK4tXHXbm511UBv6YQYU7dmyVcl3pQejg9H7sqt27kbwQQF01wDXEFomlLzZjKdMD6RbEziu1fHqIJ0wNiJQ79rRTjX/IkMDZLy25T7SvSxKBn29WoW8BYPL4AizaxzdeqgD5GHqQNRXuzLA0uKr+OGHsM5R16TPKpO6tf9ozsqfDlfMnsyzd1QsIGL93VdyvuLf2HDkfYDEtQedQY2qT6l36uree/cjS9dS/WABUqme98duURosn8ft+ZXbUmPwnCwAwmi7qtqtThybVHqMLUN1LAuQ9Cxz8/jy0+PBut837I+ax8eB0dvu5Cf/qCIEBfH671Su/3x+1iO/xv8F8LpynkgYsOSWkWASxs5ulsoiL1OXi8auv57X3o9Ut6Alu5+C4K+sA6Rt4cLQYSJInT0bMKNtINXSBwB6zUR8+G3EgpaJchehySyxnJuJkpjgqTktD9zh7xEOQQEcQFtzpQZ3l7VWsVLoFSo+gjUoi0ew1bnMOKq9Ah3TRh2HFv+x3dzpKXaMFAsiicj+Fg5N/+PaVZGoWwByu7kQ3Id514iE2TJ6+qzAYYkJJrqssAUT8VhJq01BUlbvGHd8+cHFUvJIU6tkmoqQKrgFM/PQlnwsfwF/s+/Y+OcNydFJEHHj7KNFqndvOu/KjRMrqQgxXeAv+R8LhlA/7Wj1bxDAApCFAS9LjV9j2glUDUK3nndubeFhqDx076rPCK0w43TLurb7z5ZZmW5n7KD6ENBuucF0YfZilBqufSvGKij3JvBSU/jAI49z4LwJINquuvtBDFhdB3+4qLhvny",
            "iv": "cQaD/KpPOavatLPa0td2mQ==",
            "keySize": 16,
            "mac": "K7fWHo3ra0aRGoHZojPgnQ==",
            "purpose": "idm.password.encryption",
            "salt": "mlEL35X1Z0sfj3P/yPdXNA==",
            "stableId": "openidm-sym-default",
          },
        },
      },
      "activeVersion": "1",
      "description": "This is a test secret from a pem encoded cert file.",
      "encoding": "pem",
      "lastChangeDate": "2024-01-20T03:48:49.005574Z",
      "lastChangedBy": "6bac97fb-0665-4ba9-b66c-1cf70e074d72",
      "loaded": true,
      "loadedVersion": "1",
      "useInPlaceholders": true,
    },
    "esv-test-secret-cert-pem-raw": {
      "_id": "esv-test-secret-cert-pem-raw",
      "activeValue": {
        "$crypto": {
          "type": "x-simple-encryption",
          "value": {
            "cipher": "AES/CBC/PKCS5Padding",
            "data": "Dxx9KSFmCcNj+KAxEAKorZCW1smGueCtq8eZbdlt6vB65iNL30dMPoKkmMHjy8hcButAcLwKLgggdtI/5PxpdsoJMQG2frNLyp2Mf0FzFsxPqX7hiTdUHAqlpZWlOlSDx1qIciis4iwDYVvslpoEHFOkoQCme9KPZjQofTOhj2Ct80eaiSQKqMBFj4sfUvS0FvhFcp4pX9LUZsYqJ1TQ+ziv5OGXfksELATcEZquZMZhFj8hdTxdvU2hq8uMEP5Bb95nuMS6qR2YOKss1DKAojReMcj1uvhfFJlV+TeAWX7hXlYpOl7w6fyZTvY1GTGuodXjCEylbNOMObAQmIrhzQl++CArwhQpkkpZC0jFkc8OMbyp4tuUm/axreh40N3VER8eqCHDfzLRlIxdnblnzLKixQdKaBS+0OuIopALtNKkq+/wqWKLn1oTsjEH+gvcZ8DbkiGhee5NWtJtm0EEtRnM0XtGetS3hvFY6UZMA4VHcydQ5J/g0v2jSsPR1MzfGUuF7hr/EpwoSQ+f4G7+t4HL951Qb1/tdGHDlkaInaYXg5GtmrmlRFGo8J0CbI5/+riymhw8elIHLQYlX2UCfVo/Q4zFJzC54r9VGZKHtGGTkP0aPOkL+puktz3OmEF1GBJI4aES3+1YnAkQ5lCBD+/2/gIhcU+GLUuqUkfxVkK0m7DKfjoYw2pmb7/O1mpQNsmHZe4s23MyWa7fVWhzNb/9e75ImPEWzzX3PZLf0Qj3qbTXpQRaz04wje9YZy3PVIBJwEWC1rCjtgSme9CyCzrQlNN8EIX0yAlo0vv68jUYNUIRdaVtTt72o0oLao6xNH2j3MCDDdPBZ1xSYYyHYoAVXC6mp5NkfDKu2hbrZa5zuOj3qCDS6UjsD8KBR55UtT4zE04ETuSU/RONFD83pX+kevxBV87Gfn2uWFtDLjcTt6hL9zyOlKxZT5aOKncg3OLwuLvSlg9L+CCneWkJukISu7WfAQglPQZqymWTkhEGFXNbTG0kuQzjkZcau/tGwU+8pmmNYGHDZ2gG3fhMtUvwFWZ9OnaCiaK/L84M6ACSLl9gMYeS3fwMYZD86puYYOwX4Frws8G0eCZa+u51iFcivzMrGITzYGb8iZjkP+W9JqFm0ID1eot3+2A364qA1Wbed/aneYNqByMZZu0hmid3GOeW0cDyjyqtz6hu1WSLltk+p5zdJhnJF+Opf1AtZvnZYXk/rmx94gDZVN+QCTUai5GUJDLgcohP+Kjw5ZOperZT74HLc4e7G+X1GkfaAgLYe9CmK5q27Chrj2vwwlaT0ZNErOiyK3kbFLpqEHJrcmdHfg+LRAOiqHtyAwf3BkvhcKO5Rn6kjxjVD6lOL/8cAdGAfxslQ8Lv8UCFNidJOyC4puidn0LkTZis7ClNKgJH2GsvAhf2cC9vHVYmtLTkUkBU1tGYPGYSkV7RJ4dkkCwcDLtNGiV8dUJ3D+Uz625Av02yRGk3/FX+ODv4a3waFqrzGw5iVqj6mG26hGkPQEZcbeq7lsVW7bhZsyC3E6arI/50f8waww1CNIqd67jg8mihy/m81CPhKNpkdhj6s9ehR8sXao9ziwpxAQsRrpcQD2EnnFimY+LTKh5ST6JGY+s38sh55Spf+uA+Bqs3FkkU6hKOcz+k0ZId0M3dvAZV4n5bNykSah/mWcHKb1BgbDnx5SW+LphPg+nyrv5Apg24DOBj8Vf1rud2fdDYAznwYWyStLwz+sPv3NHkKA+axnkLVt4+zMWaLkEneDJUZkEojwZ5LJaSSxmqVrPe801lyKfIC9Tz9J+MxbvYT3ukhUXMJGJkrYl3r1bMF7/Nasg18fR7gxJ2lCYfl+wjzOiw4H4ssXUDIgDCfvarmTcXxCgdxfsFksFO1I9TTTgDTUn50zJjCXQ1JTm5dYn1lDC2yIXRQI/SkgJvF7xVC3CVrAOc7NnvuAmRCY2fecZYWcuuIvK5sCLJH2+sLnQYjnsW53JJSIn7aCW5ce/bOrywiVTS2ZCTAZssAg4MC92LZpwvIIvWkIEwRk70Tg4MdWVO6Lam1o1do5Ih69t2ntbeQq0dht6jRonutV8o0XdCXBYux0DJLiMzC3KLnIekYFyHouAsvUcqDNoiQUOJZGqW2q/KgY2Qye+ZgjDbE16r50NE4N1nnoUQ/8UT9OxX95uRxRsUvEyQfMs+Sn4ip7aEq8b1aOLIZZUHjCn3AoblQtpXPmwXZBmk+7j5MBioeoaVkyJMq4Ws5Gq+3OW/dLHQW4OLlCdR7YIRXdmzc+DLSAaZhRS7BYFv7ygU6Rat5SVNEzFi2EzIMibjGrYUWdnr8bpZ2fTc/UKzQZMvrOrSJLfjrzSnLEWef+Enlhye6qZ5kpEWVeKwi4Q4eihByv4c2gHdsZEeqY24yGyukyrg2/nqGqkly1IQV14f5UWYxfi9oT3grJOwR+BKFGu8qwts5l4uRTKlBYgSs0xRDsr86YKSmrQWeNGFEylrhDeIpbrFjeuOBMFEakqo8IUjTvYHAUXgwLx5s5gz8ZylTf/B75eg7THSr3q0pU6oUflgfAKnh9HK5ZC4J19gayve+bEBbtjsdW0aomCN7iy3SLs/xdg046bAWW4Y5fA6ek802r10kUJyQu0G7PGgrZj6JGIeVnrYSeCwxeEkwpllBscFVIpqHFi1g01FJzBBIjNwKpkTUQwe9HO6oN7zdK+3vucVW8y8nKKgeZZFiGZbFZQ85TQSJA7qQieXbDNd0OX86eHFOMZ6wIZlUBPr+X9ewOOvPRVcDnn5tbk7Am5N83lFp22XUzXlQIDvonOED168T0IhvWQgbon8V0mKVap2+I6DxYTi6+uCGkI041Bndq0Pox8PMovKuNDlcvBPtaagR/hzSqyHX40PMz9VAQctoBxDkfHR42YA0XgKFJ2Dz+0MV6l4THXCKfL43XkNzbkfGFQSOQAXHeXUie4gFa1VrNEh7MEVwYI3yuZtD8vdVIWBH8AWbWvkAj39UK92C7n4KPJybfAIhjmqaOXgP8CgbMCf+Iv8hl23TEGr9V8N30gxNaquI34ipSoG01PMnoL5R6LzDrw/+M4yC5gEFhrzRGOARXcTPgPYqoKHzTg1QZJJouEfnWTGIb/La7N5idpjJMaKgxm7qJ2EoJ3mO3aIbhX7yyWCafjkVkz1STB7wmFVtONEVwoQjN8+cBiF2TPEMNd4/XL1gUkg/85mWBoUKrXHI8sV/gTtwn7roLXfiaIaZq/0iM6rU1WQmAiE2tY+KnfW8ssfKvGYLCYmJgJT3ZKxs8+ckZZnpb5OZFntM2gbE77/ZAL9RmffdgMEs8IYk5Dn1Q5GdL/WwTenOFJQD+7V7NGb4DQ7qockeIrdeBVtqxTuql5abCGYiahW0BDdeCfTlNyW4bmM7uo6PuKJcYSDdWJsF43ifaELL7IGOZZqHpNmU6LDie0JUTZxLx/j9AZ5dWrUqFWqOYdzXRuFqpEh4lVVw+EIcnBvXgQuL2DllHUPyv+xpDWmWrbQ0nIGEzBIzkFczzRTRDkrX4+pKKPitIavAeLDY9ASDuhzb9g1qVWEwl/pgPYej2zmPEXf8F+MtVfXz0+k2SnVyw0VokBjbCOzpEDag+AkefmHLdWtlRISTK+7UeCJHQh0dvefVlTo5DaMsuBnK0+w2Or1V7mQolssG/Ut7HZJ/GCs8W8I9p3XYve/2gtMZKVdzZnRbFv9eS+lBO9W/OO8aH0hDfwIn7jXUejX9AkMWhsQelz/7lSMEsMtlHw3I15KLMi44AUe4Fb5fPUJfRLUExf1hLixUx+vRWY03jq6Ixyl1zfFVkT/Y+d/tjQ6Ou+nPAyX",
            "iv": "ZYxD+RV1qP+HTkWi54qx8Q==",
            "keySize": 16,
            "mac": "qNkrPyX8dhzBGfjih93OPQ==",
            "purpose": "idm.password.encryption",
            "salt": "w5UR53M6VCnwpoMQho7Njg==",
            "stableId": "openidm-sym-default",
          },
        },
      },
      "activeVersion": "1",
      "description": "This is a test secret from a pem encoded cert file (raw).",
      "encoding": "pem",
      "lastChangeDate": "2024-01-20T03:49:20.270526Z",
      "lastChangedBy": "6bac97fb-0665-4ba9-b66c-1cf70e074d72",
      "loaded": true,
      "loadedVersion": "1",
      "useInPlaceholders": true,
    },
    "esv-test-secret-euler": {
      "_id": "esv-test-secret-euler",
      "activeValue": {
        "$crypto": {
          "type": "x-simple-encryption",
          "value": {
            "cipher": "AES/CBC/PKCS5Padding",
            "data": "W8FbZtGt2ABYnLRA3oLBWy8l7UhOHBK2E5vwIj0mokjzJwMkbtjdbcQOxiye1pHx",
            "iv": "1935faL2Cl28pR6bs8mNNA==",
            "keySize": 16,
            "mac": "zOpArRETZZQMhnLphtBzMg==",
            "purpose": "idm.password.encryption",
            "salt": "yQhtAj7hP9hKtibtESSG9w==",
            "stableId": "openidm-sym-default",
          },
        },
      },
      "activeVersion": "1",
      "description": "A test secret containing the value of Euler's number",
      "encoding": "generic",
      "lastChangeDate": "2023-12-14T15:27:34.607038Z",
      "lastChangedBy": "phales@trivir.com",
      "loaded": true,
      "loadedVersion": "1",
      "useInPlaceholders": true,
    },
    "esv-test-secret-file-base64hmac": {
      "_id": "esv-test-secret-file-base64hmac",
      "activeValue": {
        "$crypto": {
          "type": "x-simple-encryption",
          "value": {
            "cipher": "AES/CBC/PKCS5Padding",
            "data": "vyb3pBGszrRPeaLvctU13NpcVO6Hwa+q9EI2ehWDRUAhLpnbScrwF2zLUQzRVfE6QDDRzljiaUR4K5FEGPZlvfhLuleGU8/IlUyVnkegRjphyRJWzmhsdN8pZTwlPeeUgNPZ3o4F7rODZZlxOy3gQJWBGVil0afZOr0bVY/xTRG7j5HGuzddKLc4K5QhrpPqdmv4YS4pZYN4Brhy9lVJeB/SHsXJVvpVUE6wVAseloNJOz0+U2xHBF0+mE3tfyMQGaLLHkATOJJaVw8928fCv8++RqWXTOgj3Xoj8q94SKTeGT32iQ+3fhiAJsIHhET8b0wuNW6XvkJv9rIXLS5Z7Cyv63iZFsZjl2VA53I/+WRn2i/hj0yo1uwXT3LxuMIR36XOkWigKZxvRNC+VwHZDXTqDgzKWuFJrc3MU6PflUFDAqfqU82qnRmCv4WESb+zA4E2uloOQucuAav4/nkxQzGfHlM+Jzah1YhbtU5AvEnOcqtmEy6ysverrGD21CVCCZIR8SvPvO7PZ8zwT13tk/yWfiHxOVBKcidt1PUV6jK4+wHuzJ8z1TcRuecndg7jigf6b6uH4TCrfJ7j5Tw52onQb3BNYIadhWEPa+PJJhH9wiCqRieGjrgHWoVfdjBZiUE+0uaCNcvG2Qy7MUBUlO1wiDXKXEY8UzbQAch5XLOdEy2POB4d7qBd/P0BoAGsgl69P2Jse7BkcO5QIY3C1fB0MElSU4NdQL9LkLcIWFeO56tgaaH6MZKKLrZWjV4342D1wLfxW1XaHRkm3PxRKam5iyRdsUNsalB3TktL66N7gVBt8jL/FcsfJQsWFzzLsTJ284VU5AfqVihAijFZ9w56cqB03jGNBJcqEyazXnHgTHBKvRr3dpIefF6GqpbgeefjQmokyGIjvWyQMgaRsj7fEgvio4MNtJV3n9cY2ItUpTrutHvSqsXAa4ky8zzsY39u7fQA4OqWqDJylHEzcJnISF5tv/Xog4fj1ymECuMYVpkTCH2LDyEdtIBuBfA9qDUWwvsGsKm748HCohsv0SrIyDbIMy1up5dnBcyuaU0rboDqOiKFuguMDI2l7fq1DnvM2Dq/flWKfkwMGqE0xGI6kx10Fwuz/ibL8U5eeOz2jzD+7HXJWfqVnpopkZvpO5vOvDvrWKbMxjrIsA8OtFL60yTQjMqPx7lt53MeJ6xBbX5w64wilC7H44rCZOiSbjNxVVrGkF7II9ojI6i/u2kbNPH3EvBsQNidEXZvUt6J1DuR7WuUgh3jf2K/tZn7yNO6NR8DiXtiytc1F5XVqYLXRgIS6FC8Yu1YauNbT5v0LyLYncU6uGlV9rTcdzESJQ0zcuGypiNRxB2Fx2dmUOQSOcXEfoQIiwvXKfhkS15lTuazuu4pfJ/I/sqbgY+6VUX9pirpW8P6zIpQWROj5ly6AUWrCKhBzGrE9FGjwxNxiomS6W6y+ssJJU+h+LSdtSiinRINvQgl1KQoe1Mhck/zMnb76px7M8iLQzvm6MfBPwAuAjggIT/CCv9p7TbTykkIjqB68i2HqeF/Fyde9NsUrfvgShR8G45O6UMbkxqDvVBCf2q7ia9m3vnymHKRtacAjp7aF7CHKKHVs9eHBrZAYtquhAtH3DwKNEnvZnsIWUz6Krlq+XXtXAG2JFb7/9NvzNQP3Q0WEWZaP+PFCgieHmO2jgSe46UQKHvBnnw7y8jPam/Y79okXVP1ocq6hiBFgNRLzRVKdA5nAe+QCDfO89DejlmzuTnY5CX7YZtb0okSqtExR67166/m/sDIX45nSpjTdj6TgxJsQf9usAfnXvwz78sADNlvdu79ZRM=",
            "iv": "+SPp5VI6m4ANeRwt/fg+Hg==",
            "keySize": 16,
            "mac": "GhKdGDZmSJYi9IPqfJ60tg==",
            "purpose": "idm.password.encryption",
            "salt": "dT4n8s4R3BDSbUHCgWDgxA==",
            "stableId": "openidm-sym-default",
          },
        },
      },
      "activeVersion": "1",
      "description": "This is a test secret from base64 encoded hmac key file.",
      "encoding": "base64hmac",
      "lastChangeDate": "2024-01-20T03:46:37.42544Z",
      "lastChangedBy": "6bac97fb-0665-4ba9-b66c-1cf70e074d72",
      "loaded": true,
      "loadedVersion": "1",
      "useInPlaceholders": true,
    },
    "esv-test-secret-file-base64hmac-raw": {
      "_id": "esv-test-secret-file-base64hmac-raw",
      "activeValue": {
        "$crypto": {
          "type": "x-simple-encryption",
          "value": {
            "cipher": "AES/CBC/PKCS5Padding",
            "data": "tLri7p6gBPcKHlYG41HWChqMwth5dA4ougA+9JX5II94gW41vrgEfMZzxWk1edzoVP3fg/uIppom4JaWwd0h68eezp/n6i5WlGuVHLvnoxPWZh37aZSTo+In06cpeBvZw0U7nw4hq4HzV1EeeKWD33JSpQIuusZMN2fKV/pAqqgGnCGz/5cWYjRkUBSW97AA3aNCkiKhlhnM7xIMHnk+lmh9k4V6zmEQtfKuj5fI+Tw5Nqwimn30oKk+Z490NeVslf0qWY/bFBZXtKhCIe0dO/NECqWR15p/B9TyARlFv7LLzSU6CvWuPoRHKSG0ozQk9E9fX8xppmu06dlTN00k8TrtpqcNfUP89RFvidevdRzmQXnv0SirvE8G6Mupag1u0T0agw6RFUuS+KdWOvZ7mQAF8N+XHl/LsynDJdvBOnmNis0lwi7Z2JGhLNDyYw91ql0wICez68e3pA+n04u8ZU9b8bq5PLal81D3WbsD/IKOkZPe2js48KbYYEilKWv0M9Tch7tvvu/wp4rIp3CvRW16j4peT+z0JBgSN4f9Au6sJgHeIhnnj0lwok8tXGQNqHTmPwCtgCHaQEfrp8cPl5GgSNDrBR3S9XcxRezx0Gk4yoFrz60dX+3EmFGe1Dd+90kdMIzppXb70/4mTRfNBiqS0IczQRV7srO5UU8dXEHzIoCPBuGBdaiknG04wUaM+Zf4s3LiwCkALh74yJmbbUx+VzeIYz7/yQds9BUA8FnKyUpwOnVYm8tD8fcrkNtmbIj1gcnFgr9M0QP2w7dNZLMX3b2789kRIuqcKeUpd2UgZQPerocYDEIIJdo8SwKaPPdZ6dp0Qpt4fVfwwTkt2rGyjs0UfojclzhW9xeVNfAVtijm4KRlDmfDcErhUyIgdUlQrjxL/F5w9zNA44p0d6LOEfC7U9NRiH//8hrwOb+mzKCC4Cq86l8h75QgX4aJhdCkXCoE+fsuzeen0OJA9eTB8tJNHEVNk82u9Wphp/IVfJS640Urxpp3SURikI6RaxOQmvJmx14eWVEv7rPYF7T8DN0MMcf+fby8UjMAJp1qRN6+6OocbQmYokFzHF87/Ajg3O4vCjAUWD1IhpVJ8l5IcK5ul8gl4R3MjJ/QI+rUM1RYvg+h7dlH0BUQIWxsv5Ir8j/WwAoGdBX9BIY10fZ2UpVBEjKYEudlx6nPQqase5eHYpz9BTRXawMjXI1PhEZbUO6cwSjKUzCaKYFL1cOVLTKHvBXgYjYp/x375be2nO48vKl498FBYV90RTDZ86ExLdTf+wkNc/060Inr5DZYN+tfSH3/mu80HxwV9McqjSw+rhCTz47wmiv8IXcZ1RQUYBZfJp46PWcEHXrTBDDYDuPw7b6g7TC34IScjwa9KTOIEoKqMBssimszZwAzHHodANs9O8YmTROzkfYPOHVYb/lAWQajR2V1o7iL+qDsKYuAp+h9FGRFRwm69SnLF+7kiRSEn3E/NHzRYDVLsZdKih17Tv3MUpFqv1swX+IKUmAh6kAC7qcLUX+suY4rJVSVqnLd7SoaytqG5RvDOU8mUjxKt/R/QjPbH1o1j3ZdNZLaqEVTsw6XOzkp5f3mlnOLB/OJXazi2vpx96e5wsDIIgcdU8b1Ysbzm2nFNjmVSnjx+ojDKCOvXUx12jJnElsdO2WEwf3KFZsvswUIjlQEYxSC/fOfQ5EPz09fnMMdsVrTc+dhREzAH+o5K2g2gicLpTFHvwkTYdU3oY/sv0uueNr02zih8CBnFTpcN5kqBxyUFXE/nNaTSfkKirnL5yuZ59FV9Ahn1LwhGZKvdYvC9HAOQH6El4rkR7Dfnis=",
            "iv": "fENuj2kUiq9zr1YfkgHyRQ==",
            "keySize": 16,
            "mac": "R+QZTFaQV4CN3+YkAwriMw==",
            "purpose": "idm.password.encryption",
            "salt": "kRTQlulylWWoY8FebkMDcA==",
            "stableId": "openidm-sym-default",
          },
        },
      },
      "activeVersion": "1",
      "description": "This is a test secret from base64 encoded hmac key file (raw).",
      "encoding": "base64hmac",
      "lastChangeDate": "2024-01-20T03:47:03.695151Z",
      "lastChangedBy": "6bac97fb-0665-4ba9-b66c-1cf70e074d72",
      "loaded": true,
      "loadedVersion": "1",
      "useInPlaceholders": true,
    },
    "esv-test-secret-pi": {
      "_id": "esv-test-secret-pi",
      "activeValue": {
        "$crypto": {
          "type": "x-simple-encryption",
          "value": {
            "cipher": "AES/CBC/PKCS5Padding",
            "data": "9zpNxtpogZ4JjtiH4ETHSKoUq5TpfFP62ewM67/nVhQSqd0RUJ37+fXT47FgNZ5H",
            "iv": "gjGSaZxCVvbzJC66eZSUhg==",
            "keySize": 16,
            "mac": "CZ2ujLyEez4ELHycehhPBg==",
            "purpose": "idm.password.encryption",
            "salt": "MoLxzXYvA8aokwMvCcRWDQ==",
            "stableId": "openidm-sym-default",
          },
        },
      },
      "activeVersion": "1",
      "description": "Secret that contains the value of pi",
      "encoding": "generic",
      "lastChangeDate": "2023-12-14T15:22:28.519043Z",
      "lastChangedBy": "phales@trivir.com",
      "loaded": true,
      "loadedVersion": "1",
      "useInPlaceholders": true,
    },
    "esv-test-secret-pi-generic": {
      "_id": "esv-test-secret-pi-generic",
      "activeValue": {
        "$crypto": {
          "type": "x-simple-encryption",
          "value": {
            "cipher": "AES/CBC/PKCS5Padding",
            "data": "zg4lqpy85i/mwj90jACmsA==",
            "iv": "ZJk33pmoQCBrrHSMkEUMow==",
            "keySize": 16,
            "mac": "e+gAZtXuCM+FUN7zRlZnWA==",
            "purpose": "idm.password.encryption",
            "salt": "moPGW4gauhKfzyz7GTjBvQ==",
            "stableId": "openidm-sym-default",
          },
        },
      },
      "activeVersion": "2",
      "description": "",
      "encoding": "generic",
      "lastChangeDate": "2024-01-20T00:15:02.079462Z",
      "lastChangedBy": "6bac97fb-0665-4ba9-b66c-1cf70e074d72",
      "loaded": true,
      "loadedVersion": "2",
      "useInPlaceholders": true,
    },
    "esv-volkers-test-secret": {
      "_id": "esv-volkers-test-secret",
      "activeValue": {
        "$crypto": {
          "type": "x-simple-encryption",
          "value": {
            "cipher": "AES/CBC/PKCS5Padding",
            "data": "g8U1YNwjVN88IGtc4Nmt4NOJziiCkaXw2OsFesSwbkQ=",
            "iv": "ALIvFe+0TxuNcBWP494DSQ==",
            "keySize": 16,
            "mac": "wiLxKYM37PgE0dr2xa38hQ==",
            "purpose": "idm.password.encryption",
            "salt": "Cop3rF8Bp1Lp43CYHBxbEw==",
            "stableId": "openidm-sym-default",
          },
        },
      },
      "activeVersion": "10",
      "description": "Volker's test secret",
      "encoding": "generic",
      "lastChangeDate": "2024-06-26T01:37:06.116117Z",
      "lastChangedBy": "Frodo-SA-1701393386423",
      "loaded": true,
      "loadedVersion": "10",
      "useInPlaceholders": true,
    },
  },
}
`;

exports[`SecretsOps importSecret() 2: Import secret7 including active value 1`] = `
{
  "_id": "esv-frodo-test-secret-7",
  "activeVersion": "1",
  "description": "description7",
  "encoding": "generic",
  "lastChangeDate": "2024-07-05T15:27:03.145560381Z",
  "lastChangedBy": "Frodo-SA-1701393386423",
  "loaded": false,
  "loadedVersion": "",
  "useInPlaceholders": true,
}
`;

exports[`SecretsOps importSecrets() 1: Import all secrets (secret8 and secret9) 1`] = `[]`;

exports[`SecretsOps importSecrets() 2: Import all secrets (secret10 and secret11) including active values 1`] = `
[
  {
    "_id": "esv-frodo-test-secret-10",
    "activeVersion": "1",
    "description": "description10",
    "encoding": "generic",
    "lastChangeDate": "2024-07-05T15:27:04.066835952Z",
    "lastChangedBy": "Frodo-SA-1701393386423",
    "loaded": false,
    "loadedVersion": "",
    "useInPlaceholders": true,
  },
  {
    "_id": "esv-frodo-test-secret-11",
    "activeVersion": "1",
    "description": "description11",
    "encoding": "generic",
    "lastChangeDate": "2024-07-05T15:27:04.802632882Z",
    "lastChangedBy": "Frodo-SA-1701393386423",
    "loaded": false,
    "loadedVersion": "",
    "useInPlaceholders": true,
  },
]
`;
